// Jest Snapshot v1, https://goo.gl/fbAQLP

exports[`Expression toAST() returns an AST node containing a tree of AST nodes 1`] = `
Object {
  "op": "expression",
  "tree": Object {
    "left": Object {
      "left": Object {
        "left": Object {
          "op": "operand",
          "var": "Bar",
        },
        "op": "math",
        "operator": "+",
        "precedence": 20,
        "right": Object {
          "literalType": "number",
          "literalValue": 42,
          "op": "operand",
        },
      },
      "op": "compare",
      "operator": "==",
      "precedence": 10,
      "right": Object {
        "args": Array [],
        "fn": "Func1",
        "op": "operand",
      },
    },
    "op": "boolean",
    "operator": "and",
    "precedence": 2,
    "right": Object {
      "args": Array [
        Object {
          "literalType": undefined,
          "literalValue": undefined,
          "op": "arg",
          "var": "my arg",
        },
      ],
      "fn": "Func2",
      "op": "operand",
    },
  },
}
`;
