// Jest Snapshot v1, https://goo.gl/fbAQLP

exports[` 1`] = `
Object {
  "op": "expression",
  "terms": Array [
    Object {
      "op": "operand",
      "var": "Bar",
    },
    Object {
      "op": "math",
      "operator": "+",
      "precedence": 5,
    },
    Object {
      "literalType": "number",
      "literalValue": 42,
      "op": "operand",
    },
    Object {
      "op": "compare",
      "operator": "==",
      "precedence": 3,
    },
    Object {
      "args": Array [],
      "fn": "Func1",
      "op": "operand",
    },
    Object {
      "op": "boolean",
      "operator": "and",
      "precedence": 2,
    },
    Object {
      "args": Array [
        Object {
          "literalType": undefined,
          "literalValue": undefined,
          "op": "arg",
          "var": "my arg",
        },
      ],
      "fn": "Func2",
      "op": "operand",
    },
  ],
}
`;
